// Jest Snapshot v1, https://goo.gl/fbAQLP

exports[`DeleteUser should match the snapshot after data has been loaded 1`] = `
<Fragment>
  <Breadcrumbs>
    <Breadcrumb
      elementType={
        Object {
          "$$typeof": Symbol(react.forward_ref),
          "propTypes": Object {
            "innerRef": [Function],
            "onClick": [Function],
            "replace": [Function],
            "target": [Function],
            "to": [Function],
          },
          "render": [Function],
        }
      }
      to="/users"
    >
      Users
    </Breadcrumb>
    <Breadcrumb
      elementType={
        Object {
          "$$typeof": Symbol(react.forward_ref),
          "propTypes": Object {
            "innerRef": [Function],
            "onClick": [Function],
            "replace": [Function],
            "target": [Function],
            "to": [Function],
          },
          "render": [Function],
        }
      }
      to="/users/1"
    >
      Kristin Patrick
    </Breadcrumb>
    <Breadcrumb>
      Delete user
    </Breadcrumb>
  </Breadcrumbs>
  <PageHeader
    cta={
      <React.Fragment>
        <Button
          data-qa-sel="confirm-delete-user"
          disabled={false}
          onClick={[Function]}
          variant="cta"
        >
          Confirm
        </Button>
        <Button
          disabled={false}
          elementType={
            Object {
              "$$typeof": Symbol(react.forward_ref),
              "propTypes": Object {
                "innerRef": [Function],
                "onClick": [Function],
                "replace": [Function],
                "target": [Function],
                "to": [Function],
              },
              "render": [Function],
            }
          }
          to="/users/1"
          variant="secondary"
        >
          Cancel
        </Button>
      </React.Fragment>
    }
    heading="Kristin Patrick"
    preheading="Are you sure you want to delete user?"
  />
  <hr
    className="mv--b"
  />
  <Grid
    className="pv--d"
    elementType="div"
    equalHeight={false}
    gutter="standard"
    horizontalAlignment="left"
    reverse={false}
    verticalAlignment="top"
  >
    <GridItem
      cols={3}
    >
      <span
        className="detailsLabel"
      >
        Email address
      </span>
    </GridItem>
    <GridItem
      cols={9}
    >
      <span>
        kristin.patrick@example.com
      </span>
    </GridItem>
  </Grid>
</Fragment>
`;

exports[`DeleteUser should show error message when fetchData function returns 401 error 1`] = `
Array [
  Array [
    <nav
      aria-label="Breadcrumbs"
      role="navigation"
    >
      <ol
        className="breadcrumbs"
      >
        <li
          className="breadcrumbs__crumb"
        >
          <a
            href="/users"
            onClick={[Function]}
          >
            Users
          </a>
        </li>
        <li
          className="breadcrumbs__crumb"
        >
          <span>
            Error
          </span>
        </li>
        <li
          className="breadcrumbs__crumb"
        >
          <span>
            Delete user
          </span>
        </li>
      </ol>
    </nav>,
    <script
      dangerouslySetInnerHTML={
        Object {
          "__html": "{
  \\"@context\\": \\"http://schema.org\\",
  \\"@type\\": \\"BreadcrumbList\\",
  \\"itemListElement\\": [
    {
      \\"@type\\": \\"ListItem\\",
      \\"position\\": 1,
      \\"item\\": {
        \\"@id\\": \\"/users\\",
        \\"name\\": \\"Users\\"
      }
    },
    {
      \\"@type\\": \\"ListItem\\",
      \\"position\\": 2,
      \\"item\\": {
        \\"name\\": \\"Error\\"
      }
    },
    {
      \\"@type\\": \\"ListItem\\",
      \\"position\\": 3,
      \\"item\\": {
        \\"name\\": \\"Delete user\\"
      }
    }
  ]
}",
        }
      }
      type="application/ld+json"
    />,
  ],
  <div
    className="page-header"
  >
    <h1
      className="page-header__heading"
    >
      Error
    </h1>
  </div>,
  <div
    className="alert alert--error"
  >
    <h2>
      Whoops
    </h2>
    <p>
      Sorry, there's been an error!
    </p>
  </div>,
]
`;

exports[`DeleteUser should show error message when fetchData function returns 500 error 1`] = `
Array [
  Array [
    <nav
      aria-label="Breadcrumbs"
      role="navigation"
    >
      <ol
        className="breadcrumbs"
      >
        <li
          className="breadcrumbs__crumb"
        >
          <a
            href="/users"
            onClick={[Function]}
          >
            Users
          </a>
        </li>
        <li
          className="breadcrumbs__crumb"
        >
          <span>
            Error
          </span>
        </li>
        <li
          className="breadcrumbs__crumb"
        >
          <span>
            Delete user
          </span>
        </li>
      </ol>
    </nav>,
    <script
      dangerouslySetInnerHTML={
        Object {
          "__html": "{
  \\"@context\\": \\"http://schema.org\\",
  \\"@type\\": \\"BreadcrumbList\\",
  \\"itemListElement\\": [
    {
      \\"@type\\": \\"ListItem\\",
      \\"position\\": 1,
      \\"item\\": {
        \\"@id\\": \\"/users\\",
        \\"name\\": \\"Users\\"
      }
    },
    {
      \\"@type\\": \\"ListItem\\",
      \\"position\\": 2,
      \\"item\\": {
        \\"name\\": \\"Error\\"
      }
    },
    {
      \\"@type\\": \\"ListItem\\",
      \\"position\\": 3,
      \\"item\\": {
        \\"name\\": \\"Delete user\\"
      }
    }
  ]
}",
        }
      }
      type="application/ld+json"
    />,
  ],
  <div
    className="page-header"
  >
    <h1
      className="page-header__heading"
    >
      Error
    </h1>
  </div>,
  <div
    className="alert alert--error"
  >
    <h2>
      Whoops
    </h2>
    <p>
      Sorry, there's been an error!
    </p>
  </div>,
]
`;
