// Jest Snapshot v1, https://goo.gl/fbAQLP

exports[`User should match the snapshot after data has been loaded 1`] = `
<Fragment>
  <Breadcrumbs>
    <Breadcrumb
      data-qa-sel="breadcrumb-user-link"
      elementType={
        Object {
          "$$typeof": Symbol(react.forward_ref),
          "propTypes": Object {
            "innerRef": [Function],
            "onClick": [Function],
            "replace": [Function],
            "target": [Function],
            "to": [Function],
          },
          "render": [Function],
        }
      }
      to="/users"
    >
      Users
    </Breadcrumb>
    <Breadcrumb>
      Kristin Patrick
    </Breadcrumb>
  </Breadcrumbs>
  <PageHeader
    cta={
      <React.Fragment>
        <Button
          data-qa-sel="add-user-role-button"
          disabled={false}
          elementType={
            Object {
              "$$typeof": Symbol(react.forward_ref),
              "propTypes": Object {
                "innerRef": [Function],
                "onClick": [Function],
                "replace": [Function],
                "target": [Function],
                "to": [Function],
              },
              "render": [Function],
            }
          }
          to="/users/1/services"
          variant="cta"
        >
          Add role
        </Button>
        <Button
          data-qa-sel="edit-profile-button"
          disabled={false}
          elementType={
            Object {
              "$$typeof": Symbol(react.forward_ref),
              "propTypes": Object {
                "innerRef": [Function],
                "onClick": [Function],
                "replace": [Function],
                "target": [Function],
                "to": [Function],
              },
              "render": [Function],
            }
          }
          to="/users/1/edit"
        >
          Edit profile
        </Button>
      </React.Fragment>
    }
    heading="Kristin Patrick"
    preheading="User profile for"
  />
  <Grid
    elementType="div"
    equalHeight={false}
    gutter="standard"
    horizontalAlignment="left"
    reverse={false}
    verticalAlignment="top"
  >
    <GridItem
      aria-busy={false}
      cols={12}
      md={9}
    >
      <div
        className="summaryList pv--c"
      >
        <span
          className="summaryListLabel"
        >
          Account information
        </span>
        <div
          className="summaryListDetail"
        >
          <div>
            <UserStatus
              user={
                Object {
                  "acceptedTerms": true,
                  "allowContactMe": true,
                  "emailAddress": "kristin.patrick@example.com",
                  "firstName": "Kristin",
                  "hasVerifiedEmailAddress": true,
                  "initialRegistrationDate": "2019-01-23T12:29:54.911Z",
                  "isLockedOut": false,
                  "isMigrated": false,
                  "isStaffMember": false,
                  "lastLoggedInDate": "2019-01-23T12:29:54.911Z",
                  "lastName": "Patrick",
                  "nameIdentifier": "auth0|abc12345-2f95-43e7-b419-18f2784f1111",
                  "userId": 1,
                }
              }
            />
          </div>
          <UnlockUser
            id={1}
            isLocked={false}
            onError={[Function]}
            onToggleLock={[Function]}
          />
        </div>
      </div>
      <div
        className="summaryList pv--c mb--d"
      >
        <span
          className="summaryListLabel"
        >
          Email address
        </span>
        <span
          className="summaryListDetail"
        >
          kristin.patrick@example.com
        </span>
      </div>
      <div
        className="summaryList pv--c mb--d"
      >
        <span
          className="summaryListLabel"
        >
          Initial registration date
        </span>
        <span
          className="summaryListDetail"
        >
          23 January 2019 12:29
        </span>
      </div>
      <div
        className="summaryList pv--c mb--d"
      >
        <span
          className="summaryListLabel"
        >
          Last logged in date
        </span>
        <span
          className="summaryListDetail"
        >
          23 January 2019 12:29
        </span>
      </div>
      <div
        className="summaryList pv--c mb--d"
      >
        <span
          className="summaryListLabel"
        >
          Name identifier (internal id)
        </span>
        <span
          className="summaryListDetail"
        >
          auth0|abc12345-2f95-43e7-b419-18f2784f1111
        </span>
      </div>
      <div
        className="summaryList pv--c mb--d"
      >
        <span
          className="summaryListLabel"
        >
          Is migrated from NICE Accounts
        </span>
        <span
          className="summaryListDetail"
        >
          No
        </span>
      </div>
      <div
        className="summaryList pv--c mb--d"
      >
        <span
          className="summaryListLabel"
        >
          Is in Authentication Provider (Auth0)
        </span>
        <span
          className="summaryListDetail"
        >
          No
        </span>
      </div>
      <hr
        className="mv--b"
      />
      <h2
        className="h3"
      >
        Permanently delete this account
      </h2>
      <p>
        The account will no longer be available, and all data in the account will be permanently deleted.
      </p>
      <Link
        data-qa-sel="delete-user-link"
        to="/users/1/delete"
      >
        Delete user
      </Link>
    </GridItem>
  </Grid>
</Fragment>
`;

exports[`User should show error message when fetch returns 401 error 1`] = `
Array [
  Array [
    <nav
      aria-label="Breadcrumbs"
      role="navigation"
    >
      <ol
        className="breadcrumbs"
      >
        <li
          className="breadcrumbs__crumb"
        >
          <a
            data-qa-sel="breadcrumb-user-link"
            href="/users"
            onClick={[Function]}
          >
            Users
          </a>
        </li>
        <li
          className="breadcrumbs__crumb"
        >
          <span>
            Error
          </span>
        </li>
      </ol>
    </nav>,
    <script
      dangerouslySetInnerHTML={
        Object {
          "__html": "{
  \\"@context\\": \\"http://schema.org\\",
  \\"@type\\": \\"BreadcrumbList\\",
  \\"itemListElement\\": [
    {
      \\"@type\\": \\"ListItem\\",
      \\"position\\": 1,
      \\"item\\": {
        \\"@id\\": \\"/users\\",
        \\"name\\": \\"Users\\"
      }
    },
    {
      \\"@type\\": \\"ListItem\\",
      \\"position\\": 2,
      \\"item\\": {
        \\"name\\": \\"Error\\"
      }
    }
  ]
}",
        }
      }
      type="application/ld+json"
    />,
  ],
  <div
    className="page-header"
  >
    <h1
      className="page-header__heading"
    >
      Error
    </h1>
  </div>,
  <div
    className="alert alert--error"
  >
    <h2>
      Whoops
    </h2>
    <p>
      Sorry, there's been an error!
    </p>
  </div>,
]
`;

exports[`User should show error message when fetch returns 500 error 1`] = `
Array [
  Array [
    <nav
      aria-label="Breadcrumbs"
      role="navigation"
    >
      <ol
        className="breadcrumbs"
      >
        <li
          className="breadcrumbs__crumb"
        >
          <a
            data-qa-sel="breadcrumb-user-link"
            href="/users"
            onClick={[Function]}
          >
            Users
          </a>
        </li>
        <li
          className="breadcrumbs__crumb"
        >
          <span>
            Error
          </span>
        </li>
      </ol>
    </nav>,
    <script
      dangerouslySetInnerHTML={
        Object {
          "__html": "{
  \\"@context\\": \\"http://schema.org\\",
  \\"@type\\": \\"BreadcrumbList\\",
  \\"itemListElement\\": [
    {
      \\"@type\\": \\"ListItem\\",
      \\"position\\": 1,
      \\"item\\": {
        \\"@id\\": \\"/users\\",
        \\"name\\": \\"Users\\"
      }
    },
    {
      \\"@type\\": \\"ListItem\\",
      \\"position\\": 2,
      \\"item\\": {
        \\"name\\": \\"Error\\"
      }
    }
  ]
}",
        }
      }
      type="application/ld+json"
    />,
  ],
  <div
    className="page-header"
  >
    <h1
      className="page-header__heading"
    >
      Error
    </h1>
  </div>,
  <div
    className="alert alert--error"
  >
    <h2>
      Whoops
    </h2>
    <p>
      Sorry, there's been an error!
    </p>
  </div>,
]
`;
